Welcome to Chicken 9.1.1
[intern /home/iradukunda/Lost/Projects/Future/Cortex/verification/Phase4RoutingRefinement.vo ...
 done]

[intern /usr/lib/ocaml/coq/theories/Init/Prelude.vo ...
 done]

[intern /usr/lib/ocaml/coq/theories/Init/Sumbool.vo ...
 done]

[intern /usr/lib/ocaml/coq/theories/Init/Specif.vo ...
 done]

[intern /usr/lib/ocaml/coq/theories/Init/Datatypes.vo ...
 done]

[intern /usr/lib/ocaml/coq/theories/Init/Logic.vo ...
 done]

[intern /usr/lib/ocaml/coq/theories/Init/Ltac.vo ...
 done]

[intern /usr/lib/ocaml/coq/theories/Init/Notations.vo ...
 done]

[intern /usr/lib/ocaml/coq/theories/Init/Tauto.vo ...
 done]

[intern /usr/lib/ocaml/coq/theories/Init/Tactics.vo ...
 done]

[intern /usr/lib/ocaml/coq/theories/Init/Wf.vo ...
 done]

[intern /usr/lib/ocaml/coq/theories/Init/Peano.vo ...
 done]

[intern /usr/lib/ocaml/coq/theories/Init/Nat.vo ...
 done]

[intern /usr/lib/ocaml/coq/theories/Init/Number.vo ...
 done]

[intern /usr/lib/ocaml/coq/theories/Init/Hexadecimal.vo ...
 done]

[intern /usr/lib/ocaml/coq/theories/Init/Decimal.vo ...
 done]

[intern /usr/lib/ocaml/coq/theories/Init/Byte.vo ...
 done]


Ordered list:
  Corelib.Init.Ltac
  Corelib.Init.Notations
  Corelib.Init.Logic
  Corelib.Init.Datatypes
  Corelib.Init.Specif
  Corelib.Init.Sumbool
  Corelib.Init.Tauto
  Corelib.Init.Tactics
  Corelib.Init.Wf
  Corelib.Init.Decimal
  Corelib.Init.Hexadecimal
  Corelib.Init.Number
  Corelib.Init.Nat
  Corelib.Init.Peano
  Corelib.Init.Byte
  Corelib.Init.Prelude
  Cortex.Phase4RoutingRefinement
  
Checking library: Corelib.Init.Ltac
  checking module: Corelib.Init.Ltac
Checking library: Corelib.Init.Notations
  checking module: Corelib.Init.Notations
  checking module: Corelib.Init.Notations.IfNotations
Checking library: Corelib.Init.Logic
  checking module: Corelib.Init.Logic
  checking cst:Corelib.Init.Logic.True_rect
  checking cst:Corelib.Init.Logic.True_ind
  checking cst:Corelib.Init.Logic.True_rec
  checking cst:Corelib.Init.Logic.True_sind
  checking cst:Corelib.Init.Logic.False_rect
  checking cst:Corelib.Init.Logic.False_ind
  checking cst:Corelib.Init.Logic.False_rec
  checking cst:Corelib.Init.Logic.False_sind
  checking cst:Corelib.Init.Logic.not
  checking cst:Corelib.Init.Logic.notT
  checking cst:Corelib.Init.Logic.and_rect
  checking cst:Corelib.Init.Logic.and_ind
  checking cst:Corelib.Init.Logic.and_rec
  checking cst:Corelib.Init.Logic.and_sind
  checking cst:Corelib.Init.Logic.proj1
  checking cst:Corelib.Init.Logic.proj2
  checking cst:Corelib.Init.Logic.or_ind
  checking cst:Corelib.Init.Logic.or_sind
  checking cst:Corelib.Init.Logic.iff
  checking cst:Corelib.Init.Logic.iff_refl
  checking cst:Corelib.Init.Logic.iff_trans
  checking cst:Corelib.Init.Logic.iff_sym
  checking cst:Corelib.Init.Logic.and_iff_compat_l
  checking cst:Corelib.Init.Logic.and_iff_compat_r
  checking cst:Corelib.Init.Logic.or_iff_compat_l
  checking cst:Corelib.Init.Logic.or_iff_compat_r
  checking cst:Corelib.Init.Logic.imp_iff_compat_l
  checking cst:Corelib.Init.Logic.imp_iff_compat_r
  checking cst:Corelib.Init.Logic.not_iff_compat
  checking cst:Corelib.Init.Logic.neg_false
  checking cst:Corelib.Init.Logic.and_cancel_l
  checking cst:Corelib.Init.Logic.and_cancel_r
  checking cst:Corelib.Init.Logic.and_comm
  checking cst:Corelib.Init.Logic.and_assoc
  checking cst:Corelib.Init.Logic.or_cancel_l
  checking cst:Corelib.Init.Logic.or_cancel_r
  checking cst:Corelib.Init.Logic.or_comm
  checking cst:Corelib.Init.Logic.or_assoc
  checking cst:Corelib.Init.Logic.iff_and
  checking cst:Corelib.Init.Logic.iff_to_and
  checking cst:Corelib.Init.Logic.ex_ind
  checking cst:Corelib.Init.Logic.ex_sind
  checking cst:Corelib.Init.Logic.ex_proj1
  checking cst:Corelib.Init.Logic.ex_proj2
  checking cst:Corelib.Init.Logic.ex2_ind
  checking cst:Corelib.Init.Logic.ex2_sind
  checking cst:Corelib.Init.Logic.ex_of_ex2
  checking cst:Corelib.Init.Logic.ex_proj3
  checking cst:Corelib.Init.Logic.all
  checking cst:Corelib.Init.Logic.inst
  checking cst:Corelib.Init.Logic.gen
  checking cst:Corelib.Init.Logic.eq_rect
  checking cst:Corelib.Init.Logic.eq_ind
  checking cst:Corelib.Init.Logic.eq_rec
  checking cst:Corelib.Init.Logic.eq_sind
  checking cst:Corelib.Init.Logic.absurd
  checking cst:Corelib.Init.Logic.eq_sym
  checking cst:Corelib.Init.Logic.eq_trans
  checking cst:Corelib.Init.Logic.eq_trans_r
  checking cst:Corelib.Init.Logic.f_equal
  checking cst:Corelib.Init.Logic.not_eq_sym
  checking cst:Corelib.Init.Logic.eq_sind_r
  checking cst:Corelib.Init.Logic.eq_ind_r
  checking cst:Corelib.Init.Logic.eq_rec_r
  checking cst:Corelib.Init.Logic.eq_rect_r
  checking module: Corelib.Init.Logic.EqNotations
  checking cst:Corelib.Init.Logic.f_equal_dep
  checking cst:Corelib.Init.Logic.f_equal_dep2
  checking cst:Corelib.Init.Logic.rew_opp_r
  checking cst:Corelib.Init.Logic.rew_opp_l
  checking cst:Corelib.Init.Logic.f_equal2
  checking cst:Corelib.Init.Logic.f_equal3
  checking cst:Corelib.Init.Logic.f_equal4
  checking cst:Corelib.Init.Logic.f_equal5
  checking cst:Corelib.Init.Logic.f_equal_compose
  checking cst:Corelib.Init.Logic.eq_trans_refl_l
  checking cst:Corelib.Init.Logic.eq_trans_refl_r
  checking cst:Corelib.Init.Logic.eq_sym_involutive
  checking cst:Corelib.Init.Logic.eq_trans_sym_inv_l
  checking cst:Corelib.Init.Logic.eq_trans_sym_inv_r
  checking cst:Corelib.Init.Logic.eq_trans_assoc
  checking cst:Corelib.Init.Logic.rew_map
  checking cst:Corelib.Init.Logic.eq_trans_map
  checking cst:Corelib.Init.Logic.map_subst
  checking cst:Corelib.Init.Logic.map_subst_map
  checking cst:Corelib.Init.Logic.rew_swap
  checking cst:Corelib.Init.Logic.rew_compose
  checking cst:Corelib.Init.Logic.eq_id_comm_l
  checking cst:Corelib.Init.Logic.eq_id_comm_r
  checking cst:Corelib.Init.Logic.eq_refl_map_distr
  checking cst:Corelib.Init.Logic.eq_trans_map_distr
  checking cst:Corelib.Init.Logic.eq_sym_map_distr
  checking cst:Corelib.Init.Logic.eq_trans_sym_distr
  checking cst:Corelib.Init.Logic.eq_trans_rew_distr
  checking cst:Corelib.Init.Logic.rew_const
  checking cst:Corelib.Init.Logic.subrelation
  checking cst:Corelib.Init.Logic.unique
  checking cst:Corelib.Init.Logic.uniqueness
  checking cst:Corelib.Init.Logic.unique_existence
  checking cst:Corelib.Init.Logic.forall_exists_unique_domain_coincide
  checking cst:Corelib.Init.Logic.forall_exists_coincide_unique_domain
  checking cst:Corelib.Init.Logic.inhabited_ind
  checking cst:Corelib.Init.Logic.inhabited_sind
  checking cst:Corelib.Init.Logic.exists_inhabited
  checking cst:Corelib.Init.Logic.inhabited_covariant
  checking cst:Corelib.Init.Logic.eq_stepl
  checking cst:Corelib.Init.Logic.iff_stepl
  checking cst:Corelib.Init.Logic.ex_eta
  checking cst:Corelib.Init.Logic.ex2_eta
  checking cst:Corelib.Init.Logic.ex_rect
  checking cst:Corelib.Init.Logic.ex_rec
  checking cst:Corelib.Init.Logic.ex_proj1_eq
  checking cst:Corelib.Init.Logic.ex_proj2_eq
  checking cst:Corelib.Init.Logic.eq_ex_intro_uncurried
  checking cst:Corelib.Init.Logic.eq_ex_uncurried
  checking cst:Corelib.Init.Logic.eq_ex_intro
  checking cst:Corelib.Init.Logic.eq_ex
  checking cst:Corelib.Init.Logic.eq_ex_intro_l
  checking cst:Corelib.Init.Logic.eq_ex_intro_r
  checking cst:Corelib.Init.Logic.eq_ex_eta
  checking cst:Corelib.Init.Logic.eq_ex_rect
  checking cst:Corelib.Init.Logic.eq_ex_rec
  checking cst:Corelib.Init.Logic.eq_ex_ind
  checking cst:Corelib.Init.Logic.eq_ex_rect_ex_intro_l
  checking cst:Corelib.Init.Logic.eq_ex_rect_ex_intro_r
  checking cst:Corelib.Init.Logic.eq_ex_rect_ex_intro
  checking cst:Corelib.Init.Logic.eq_ex_rect_uncurried
  checking cst:Corelib.Init.Logic.eq_ex_rec_uncurried
  checking cst:Corelib.Init.Logic.eq_ex_ind_uncurried
  checking cst:Corelib.Init.Logic.eq_ex_hprop
  checking cst:Corelib.Init.Logic.eq_ex_intro_hprop
  checking cst:Corelib.Init.Logic.eq_ex_uncurried_iff
  checking cst:Corelib.Init.Logic.eq_ex_hprop_iff
  checking cst:Corelib.Init.Logic.rew_ex
  checking cst:Corelib.Init.Logic.ex2_rect
  checking cst:Corelib.Init.Logic.ex2_rec
  checking cst:Corelib.Init.Logic.ex_of_ex2_eq
  checking cst:Corelib.Init.Logic.ex_proj1_of_ex2_eq
  checking cst:Corelib.Init.Logic.ex_proj2_of_ex2_eq
  checking cst:Corelib.Init.Logic.ex_proj3_eq
  checking cst:Corelib.Init.Logic.eq_ex_intro2_uncurried
  checking cst:Corelib.Init.Logic.eq_ex2_uncurried
  checking cst:Corelib.Init.Logic.eq_ex2
  checking cst:Corelib.Init.Logic.eq_ex_intro2
  checking cst:Corelib.Init.Logic.eq_ex_intro2_l
  checking cst:Corelib.Init.Logic.eq_ex_intro2_r
  checking cst:Corelib.Init.Logic.eq_ex2_hprop
  checking cst:Corelib.Init.Logic.eq_ex_intro2_hprop_nondep
  checking cst:Corelib.Init.Logic.eq_ex_intro2_hprop
  checking cst:Corelib.Init.Logic.eq_ex2_uncurried_iff
  checking cst:Corelib.Init.Logic.eq_ex2_eta
  checking cst:Corelib.Init.Logic.eq_ex2_rect
  checking cst:Corelib.Init.Logic.eq_ex2_rec
  checking cst:Corelib.Init.Logic.eq_ex2_ind
  checking cst:Corelib.Init.Logic.eq_ex2_rect_ex_intro2_l
  checking cst:Corelib.Init.Logic.eq_ex2_rect_ex_intro2_r
  checking cst:Corelib.Init.Logic.eq_ex2_rect_ex_intro2
  checking cst:Corelib.Init.Logic.eq_ex2_rect_uncurried
  checking cst:Corelib.Init.Logic.eq_ex2_rec_uncurried
  checking cst:Corelib.Init.Logic.eq_ex2_ind_uncurried
  checking cst:Corelib.Init.Logic.eq_ex2_hprop_iff
  checking cst:Corelib.Init.Logic.eq_ex2_nondep
  checking cst:Corelib.Init.Logic.rew_ex2
Checking library: Corelib.Init.Datatypes
  checking module: Corelib.Init.Datatypes
  checking cst:Corelib.Init.Datatypes.Empty_set_rect
  checking cst:Corelib.Init.Datatypes.Empty_set_ind
  checking cst:Corelib.Init.Datatypes.Empty_set_rec
  checking cst:Corelib.Init.Datatypes.Empty_set_sind
  checking cst:Corelib.Init.Datatypes.unit_rect
  checking cst:Corelib.Init.Datatypes.unit_ind
  checking cst:Corelib.Init.Datatypes.unit_rec
  checking cst:Corelib.Init.Datatypes.unit_sind
  checking cst:Corelib.Init.Datatypes.bool_rect
  checking cst:Corelib.Init.Datatypes.bool_ind
  checking cst:Corelib.Init.Datatypes.bool_rec
  checking cst:Corelib.Init.Datatypes.bool_sind
  checking cst:Corelib.Init.Datatypes.reflect_rect
  checking cst:Corelib.Init.Datatypes.reflect_ind
  checking cst:Corelib.Init.Datatypes.reflect_rec
  checking cst:Corelib.Init.Datatypes.reflect_sind
  checking cst:Corelib.Init.Datatypes.andb
  checking cst:Corelib.Init.Datatypes.orb
  checking cst:Corelib.Init.Datatypes.implb
  checking cst:Corelib.Init.Datatypes.xorb
  checking cst:Corelib.Init.Datatypes.negb
  checking cst:Corelib.Init.Datatypes.andb_prop
  checking cst:Corelib.Init.Datatypes.andb_true_intro
  checking cst:Corelib.Init.Datatypes.eq_true_rect
  checking cst:Corelib.Init.Datatypes.eq_true_ind
  checking cst:Corelib.Init.Datatypes.eq_true_rec
  checking cst:Corelib.Init.Datatypes.eq_true_sind
  checking cst:Corelib.Init.Datatypes.is_true
  checking cst:Corelib.Init.Datatypes.eq_true_ind_r
  checking cst:Corelib.Init.Datatypes.eq_true_rec_r
  checking cst:Corelib.Init.Datatypes.eq_true_rect_r
  checking cst:Corelib.Init.Datatypes.BoolSpec_ind
  checking cst:Corelib.Init.Datatypes.BoolSpec_sind
  checking cst:Corelib.Init.Datatypes.nat_rect
  checking cst:Corelib.Init.Datatypes.nat_ind
  checking cst:Corelib.Init.Datatypes.nat_rec
  checking cst:Corelib.Init.Datatypes.nat_sind
  checking cst:Corelib.Init.Datatypes.option_rect
  checking cst:Corelib.Init.Datatypes.option_ind
  checking cst:Corelib.Init.Datatypes.option_rec
  checking cst:Corelib.Init.Datatypes.option_sind
  checking cst:Corelib.Init.Datatypes.option_map
  checking cst:Corelib.Init.Datatypes.sum_rect
  checking cst:Corelib.Init.Datatypes.sum_ind
  checking cst:Corelib.Init.Datatypes.sum_rec
  checking cst:Corelib.Init.Datatypes.sum_sind
  checking cst:Corelib.Init.Datatypes.result_rect
  checking cst:Corelib.Init.Datatypes.result_ind
  checking cst:Corelib.Init.Datatypes.result_rec
  checking cst:Corelib.Init.Datatypes.result_sind
  checking cst:Corelib.Init.Datatypes.prod_rect
  checking cst:Corelib.Init.Datatypes.prod_ind
  checking cst:Corelib.Init.Datatypes.prod_rec
  checking cst:Corelib.Init.Datatypes.prod_sind
  checking cst:Corelib.Init.Datatypes.fst
  checking cst:Corelib.Init.Datatypes.snd
  checking cst:Corelib.Init.Datatypes.surjective_pairing
  checking cst:Corelib.Init.Datatypes.injective_projections
  checking cst:Corelib.Init.Datatypes.pair_equal_spec
  checking cst:Corelib.Init.Datatypes.curry
  checking cst:Corelib.Init.Datatypes.uncurry
  checking cst:Corelib.Init.Datatypes.rew_pair
  checking cst:Corelib.Init.Datatypes.list_rect
  checking cst:Corelib.Init.Datatypes.list_ind
  checking cst:Corelib.Init.Datatypes.list_rec
  checking cst:Corelib.Init.Datatypes.list_sind
  checking cst:Corelib.Init.Datatypes.length
  checking cst:Corelib.Init.Datatypes.app
  checking cst:Corelib.Init.Datatypes.comparison_rect
  checking cst:Corelib.Init.Datatypes.comparison_ind
  checking cst:Corelib.Init.Datatypes.comparison_rec
  checking cst:Corelib.Init.Datatypes.comparison_sind
  checking cst:Corelib.Init.Datatypes.comparison_eq_stable
  checking cst:Corelib.Init.Datatypes.CompOpp
  checking cst:Corelib.Init.Datatypes.CompOpp_involutive
  checking cst:Corelib.Init.Datatypes.CompOpp_inj
  checking cst:Corelib.Init.Datatypes.CompOpp_iff
  checking cst:Corelib.Init.Datatypes.CompareSpec_ind
  checking cst:Corelib.Init.Datatypes.CompareSpec_sind
  checking cst:Corelib.Init.Datatypes.CompareSpecT_rect
  checking cst:Corelib.Init.Datatypes.CompareSpecT_ind
  checking cst:Corelib.Init.Datatypes.CompareSpecT_rec
  checking cst:Corelib.Init.Datatypes.CompareSpecT_sind
  checking cst:Corelib.Init.Datatypes.CompareSpec2Type
  checking cst:Corelib.Init.Datatypes.CompSpec
  checking cst:Corelib.Init.Datatypes.CompSpecT
  checking cst:Corelib.Init.Datatypes.CompSpec2Type
  checking cst:Corelib.Init.Datatypes.ID
  checking cst:Corelib.Init.Datatypes.id
  checking cst:Corelib.Init.Datatypes.IDProp
  checking cst:Corelib.Init.Datatypes.idProp
Checking library: Corelib.Init.Specif
  checking module: Corelib.Init.Specif
  checking cst:Corelib.Init.Specif.sig_rect
  checking cst:Corelib.Init.Specif.sig_ind
  checking cst:Corelib.Init.Specif.sig_rec
  checking cst:Corelib.Init.Specif.sig_sind
  checking cst:Corelib.Init.Specif.sig2_rect
  checking cst:Corelib.Init.Specif.sig2_ind
  checking cst:Corelib.Init.Specif.sig2_rec
  checking cst:Corelib.Init.Specif.sig2_sind
  checking cst:Corelib.Init.Specif.sigT_rect
  checking cst:Corelib.Init.Specif.sigT_ind
  checking cst:Corelib.Init.Specif.sigT_rec
  checking cst:Corelib.Init.Specif.sigT_sind
  checking cst:Corelib.Init.Specif.sigT2_rect
  checking cst:Corelib.Init.Specif.sigT2_ind
  checking cst:Corelib.Init.Specif.sigT2_rec
  checking cst:Corelib.Init.Specif.sigT2_sind
  checking cst:Corelib.Init.Specif.proj1_sig
  checking cst:Corelib.Init.Specif.proj2_sig
  checking cst:Corelib.Init.Specif.sig_of_sig2
  checking cst:Corelib.Init.Specif.proj3_sig
  checking cst:Corelib.Init.Specif.projT1
  checking cst:Corelib.Init.Specif.projT2
  checking module: Corelib.Init.Specif.SigTNotations
  checking cst:Corelib.Init.Specif.sigT_of_sigT2
  checking cst:Corelib.Init.Specif.projT3
  checking cst:Corelib.Init.Specif.sig_of_sigT
  checking cst:Corelib.Init.Specif.sigT_of_sig
  checking cst:Corelib.Init.Specif.sig2_of_sigT2
  checking cst:Corelib.Init.Specif.sigT2_of_sig2
  checking cst:Corelib.Init.Specif.ex_of_sig
  checking cst:Corelib.Init.Specif.ex_of_sigT
  checking cst:Corelib.Init.Specif.ex2_of_sig2
  checking cst:Corelib.Init.Specif.ex2_of_sigT2
  checking cst:Corelib.Init.Specif.sigT_eta
  checking cst:Corelib.Init.Specif.sig_eta
  checking cst:Corelib.Init.Specif.sigT2_eta
  checking cst:Corelib.Init.Specif.sig2_eta
  checking cst:Corelib.Init.Specif.exists_to_inhabited_sig
  checking cst:Corelib.Init.Specif.inhabited_sig_to_exists
  checking cst:Corelib.Init.Specif.sigT_of_prod
  checking cst:Corelib.Init.Specif.prod_of_sigT
  checking cst:Corelib.Init.Specif.sigT_prod_sigT
  checking cst:Corelib.Init.Specif.prod_sigT_prod
  checking cst:Corelib.Init.Specif.projT1_eq
  checking cst:Corelib.Init.Specif.projT2_eq
  checking cst:Corelib.Init.Specif.eq_existT_uncurried
  checking cst:Corelib.Init.Specif.eq_sigT_uncurried
  checking cst:Corelib.Init.Specif.eq_existT_curried
  checking cst:Corelib.Init.Specif.eq_existT_curried_map
  checking cst:Corelib.Init.Specif.eq_existT_curried_trans
  checking cst:Corelib.Init.Specif.eq_existT_curried_congr
  checking cst:Corelib.Init.Specif.eq_sigT
  checking cst:Corelib.Init.Specif.eq_existT_l
  checking cst:Corelib.Init.Specif.eq_existT_r
  checking cst:Corelib.Init.Specif.eq_sigT_hprop
  checking cst:Corelib.Init.Specif.eq_sigT_uncurried_iff
  checking cst:Corelib.Init.Specif.eq_sigT_rect
  checking cst:Corelib.Init.Specif.eq_sigT_rec
  checking cst:Corelib.Init.Specif.eq_sigT_ind
  checking cst:Corelib.Init.Specif.eq_sigT_rect_existT_l
  checking cst:Corelib.Init.Specif.eq_sigT_rect_existT_r
  checking cst:Corelib.Init.Specif.eq_sigT_rect_existT
  checking cst:Corelib.Init.Specif.eq_sigT_rect_uncurried
  checking cst:Corelib.Init.Specif.eq_sigT_rec_uncurried
  checking cst:Corelib.Init.Specif.eq_sigT_ind_uncurried
  checking cst:Corelib.Init.Specif.eq_sigT_hprop_iff
  checking cst:Corelib.Init.Specif.eq_sigT_nondep
  checking cst:Corelib.Init.Specif.rew_sigT
  checking cst:Corelib.Init.Specif.proj1_sig_eq
  checking cst:Corelib.Init.Specif.proj2_sig_eq
  checking cst:Corelib.Init.Specif.eq_exist_uncurried
  checking cst:Corelib.Init.Specif.eq_sig_uncurried
  checking cst:Corelib.Init.Specif.eq_exist_curried
  checking cst:Corelib.Init.Specif.eq_sig
  checking cst:Corelib.Init.Specif.eq_exist_l
  checking cst:Corelib.Init.Specif.eq_exist_r
  checking cst:Corelib.Init.Specif.eq_sig_rect
  checking cst:Corelib.Init.Specif.eq_sig_rec
  checking cst:Corelib.Init.Specif.eq_sig_ind
  checking cst:Corelib.Init.Specif.eq_sig_rect_exist_l
  checking cst:Corelib.Init.Specif.eq_sig_rect_exist_r
  checking cst:Corelib.Init.Specif.eq_sig_rect_exist
  checking cst:Corelib.Init.Specif.eq_sig_rect_uncurried
  checking cst:Corelib.Init.Specif.eq_sig_rec_uncurried
  checking cst:Corelib.Init.Specif.eq_sig_ind_uncurried
  checking cst:Corelib.Init.Specif.eq_sig_hprop
  checking cst:Corelib.Init.Specif.eq_sig_uncurried_iff
  checking cst:Corelib.Init.Specif.eq_sig_hprop_iff
  checking cst:Corelib.Init.Specif.rew_sig
  checking cst:Corelib.Init.Specif.sigT_of_sigT2_eq
  checking cst:Corelib.Init.Specif.projT1_of_sigT2_eq
  checking cst:Corelib.Init.Specif.projT2_of_sigT2_eq
  checking cst:Corelib.Init.Specif.projT3_eq
  checking cst:Corelib.Init.Specif.eq_existT2_uncurried
  checking cst:Corelib.Init.Specif.eq_sigT2_uncurried
  checking cst:Corelib.Init.Specif.eq_existT2_curried
  checking cst:Corelib.Init.Specif.eq_sigT2
  checking cst:Corelib.Init.Specif.eq_existT2_l
  checking cst:Corelib.Init.Specif.eq_existT2_r
  checking cst:Corelib.Init.Specif.eq_sigT2_hprop
  checking cst:Corelib.Init.Specif.eq_sigT2_uncurried_iff
  checking cst:Corelib.Init.Specif.eq_sigT2_rect
  checking cst:Corelib.Init.Specif.eq_sigT2_rec
  checking cst:Corelib.Init.Specif.eq_sigT2_ind
  checking cst:Corelib.Init.Specif.eq_sigT2_rect_existT2_l
  checking cst:Corelib.Init.Specif.eq_sigT2_rect_existT2_r
  checking cst:Corelib.Init.Specif.eq_sigT2_rect_existT2
  checking cst:Corelib.Init.Specif.eq_sigT2_rect_uncurried
  checking cst:Corelib.Init.Specif.eq_sigT2_rec_uncurried
  checking cst:Corelib.Init.Specif.eq_sigT2_ind_uncurried
  checking cst:Corelib.Init.Specif.eq_sigT2_hprop_iff
  checking cst:Corelib.Init.Specif.eq_sigT2_nondep
  checking cst:Corelib.Init.Specif.rew_sigT2
  checking cst:Corelib.Init.Specif.sig_of_sig2_eq
  checking cst:Corelib.Init.Specif.proj1_sig_of_sig2_eq
  checking cst:Corelib.Init.Specif.proj2_sig_of_sig2_eq
  checking cst:Corelib.Init.Specif.proj3_sig_eq
  checking cst:Corelib.Init.Specif.eq_exist2_uncurried
  checking cst:Corelib.Init.Specif.eq_sig2_uncurried
  checking cst:Corelib.Init.Specif.eq_exist2_curried
  checking cst:Corelib.Init.Specif.eq_sig2
  checking cst:Corelib.Init.Specif.eq_exist2_l
  checking cst:Corelib.Init.Specif.eq_exist2_r
  checking cst:Corelib.Init.Specif.eq_sig2_hprop
  checking cst:Corelib.Init.Specif.eq_sig2_uncurried_iff
  checking cst:Corelib.Init.Specif.eq_sig2_rect
  checking cst:Corelib.Init.Specif.eq_sig2_rec
  checking cst:Corelib.Init.Specif.eq_sig2_ind
  checking cst:Corelib.Init.Specif.eq_sig2_rect_exist2_l
  checking cst:Corelib.Init.Specif.eq_sig2_rect_exist2_r
  checking cst:Corelib.Init.Specif.eq_sig2_rect_exist2
  checking cst:Corelib.Init.Specif.eq_sig2_rect_uncurried
  checking cst:Corelib.Init.Specif.eq_sig2_rec_uncurried
  checking cst:Corelib.Init.Specif.eq_sig2_ind_uncurried
  checking cst:Corelib.Init.Specif.eq_sig2_hprop_iff
  checking cst:Corelib.Init.Specif.eq_sig2_nondep
  checking cst:Corelib.Init.Specif.rew_sig2
  checking cst:Corelib.Init.Specif.sumbool_rect
  checking cst:Corelib.Init.Specif.sumbool_ind
  checking cst:Corelib.Init.Specif.sumbool_rec
  checking cst:Corelib.Init.Specif.sumbool_sind
  checking cst:Corelib.Init.Specif.sumor_rect
  checking cst:Corelib.Init.Specif.sumor_ind
  checking cst:Corelib.Init.Specif.sumor_rec
  checking cst:Corelib.Init.Specif.sumor_sind
  checking cst:Corelib.Init.Specif.Choice
  checking cst:Corelib.Init.Specif.Choice2
  checking cst:Corelib.Init.Specif.bool_choice
  checking cst:Corelib.Init.Specif.dependent_choice
  checking cst:Corelib.Init.Specif.Exc
  checking cst:Corelib.Init.Specif.value
  checking cst:Corelib.Init.Specif.error
  checking cst:Corelib.Init.Specif.except
  checking cst:Corelib.Init.Specif.absurd_set
Checking library: Corelib.Init.Sumbool
  checking module: Corelib.Init.Sumbool
  checking cst:Corelib.Init.Sumbool.sumbool_of_bool
  checking cst:Corelib.Init.Sumbool.bool_eq_rec
  checking cst:Corelib.Init.Sumbool.bool_eq_ind
  checking cst:Corelib.Init.Sumbool.sumbool_and
  checking cst:Corelib.Init.Sumbool.sumbool_or
  checking cst:Corelib.Init.Sumbool.sumbool_not
  checking cst:Corelib.Init.Sumbool.bool_of_sumbool
Checking library: Corelib.Init.Tauto
  checking module: Corelib.Init.Tauto
Checking library: Corelib.Init.Tactics
  checking module: Corelib.Init.Tactics
  checking cst:Corelib.Init.Tactics.decide_left
  checking cst:Corelib.Init.Tactics.decide_right
Checking library: Corelib.Init.Wf
  checking module: Corelib.Init.Wf
  checking cst:Corelib.Init.Wf.Acc_rect
  checking cst:Corelib.Init.Wf.Acc_ind
  checking cst:Corelib.Init.Wf.Acc_rec
  checking cst:Corelib.Init.Wf.Acc_sind
  checking cst:Corelib.Init.Wf.Acc_inv
  checking cst:Corelib.Init.Wf.well_founded
  checking cst:Corelib.Init.Wf.well_founded_induction_type
  checking cst:Corelib.Init.Wf.well_founded_induction
  checking cst:Corelib.Init.Wf.well_founded_ind
  checking cst:Corelib.Init.Wf.Fix_F
  checking cst:Corelib.Init.Wf.Acc_inv_dep
  checking cst:Corelib.Init.Wf.Fix_F_eq
  checking cst:Corelib.Init.Wf.Fix
  checking cst:Corelib.Init.Wf.Fix_F_inv
  checking cst:Corelib.Init.Wf.Fix_eq
  checking cst:Corelib.Init.Wf.Fix_F_2
  checking cst:Corelib.Init.Wf.well_founded_induction_type_2
  checking cst:Corelib.Init.Wf.Acc_intro_generator
Checking library: Corelib.Init.Decimal
  checking module: Corelib.Init.Decimal
  checking cst:Corelib.Init.Decimal.uint_rect
  checking cst:Corelib.Init.Decimal.uint_ind
  checking cst:Corelib.Init.Decimal.uint_rec
  checking cst:Corelib.Init.Decimal.uint_sind
  checking cst:Corelib.Init.Decimal.uint_beq
  checking cst:Corelib.Init.Decimal.internal_uint_dec_bl
  checking cst:Corelib.Init.Decimal.internal_uint_dec_lb
  checking cst:Corelib.Init.Decimal.uint_eq_dec
  checking cst:Corelib.Init.Decimal.signed_int_beq
  checking cst:Corelib.Init.Decimal.internal_signed_int_dec_bl
  checking cst:Corelib.Init.Decimal.internal_signed_int_dec_lb
  checking cst:Corelib.Init.Decimal.signed_int_eq_dec
  checking cst:Corelib.Init.Decimal.decimal_beq
  checking cst:Corelib.Init.Decimal.internal_decimal_dec_bl
  checking cst:Corelib.Init.Decimal.internal_decimal_dec_lb
  checking cst:Corelib.Init.Decimal.decimal_eq_dec
  checking cst:Corelib.Init.Decimal.nb_digits
  checking cst:Corelib.Init.Decimal.nzhead
  checking cst:Corelib.Init.Decimal.unorm
  checking cst:Corelib.Init.Decimal.norm
  checking cst:Corelib.Init.Decimal.opp
  checking cst:Corelib.Init.Decimal.abs
  checking cst:Corelib.Init.Decimal.revapp
  checking cst:Corelib.Init.Decimal.rev
  checking cst:Corelib.Init.Decimal.app
  checking cst:Corelib.Init.Decimal.app_int
  checking cst:Corelib.Init.Decimal.nztail
  checking cst:Corelib.Init.Decimal.nztail_int
  checking cst:Corelib.Init.Decimal.del_head
  checking cst:Corelib.Init.Decimal.del_head_int
  checking cst:Corelib.Init.Decimal.del_tail
  checking cst:Corelib.Init.Decimal.del_tail_int
  checking module: Corelib.Init.Decimal.Little
  checking cst:Corelib.Init.Decimal.Little.succ
  checking cst:Corelib.Init.Decimal.Little.double
  checking cst:Corelib.Init.Decimal.Little.succ_double
  checking cst:Corelib.Init.Decimal.uint_of_uint
  checking cst:Corelib.Init.Decimal.int_of_int
Checking library: Corelib.Init.Hexadecimal
  checking module: Corelib.Init.Hexadecimal
  checking cst:Corelib.Init.Hexadecimal.uint_rect
  checking cst:Corelib.Init.Hexadecimal.uint_ind
  checking cst:Corelib.Init.Hexadecimal.uint_rec
  checking cst:Corelib.Init.Hexadecimal.uint_sind
  checking cst:Corelib.Init.Hexadecimal.uint_beq
  checking cst:Corelib.Init.Hexadecimal.internal_uint_dec_bl0
  checking cst:Corelib.Init.Hexadecimal.internal_uint_dec_lb0
  checking cst:Corelib.Init.Hexadecimal.uint_eq_dec
  checking cst:Corelib.Init.Hexadecimal.signed_int_beq
  checking cst:Corelib.Init.Hexadecimal.internal_signed_int_dec_bl0
  checking cst:Corelib.Init.Hexadecimal.internal_signed_int_dec_lb0
  checking cst:Corelib.Init.Hexadecimal.signed_int_eq_dec
  checking cst:Corelib.Init.Hexadecimal.hexadecimal_beq
  checking cst:Corelib.Init.Hexadecimal.internal_hexadecimal_dec_bl
  checking cst:Corelib.Init.Hexadecimal.internal_hexadecimal_dec_lb
  checking cst:Corelib.Init.Hexadecimal.hexadecimal_eq_dec
  checking cst:Corelib.Init.Hexadecimal.nb_digits
  checking cst:Corelib.Init.Hexadecimal.nzhead
  checking cst:Corelib.Init.Hexadecimal.unorm
  checking cst:Corelib.Init.Hexadecimal.norm
  checking cst:Corelib.Init.Hexadecimal.opp
  checking cst:Corelib.Init.Hexadecimal.abs
  checking cst:Corelib.Init.Hexadecimal.revapp
  checking cst:Corelib.Init.Hexadecimal.rev
  checking cst:Corelib.Init.Hexadecimal.app
  checking cst:Corelib.Init.Hexadecimal.app_int
  checking cst:Corelib.Init.Hexadecimal.nztail
  checking cst:Corelib.Init.Hexadecimal.nztail_int
  checking cst:Corelib.Init.Hexadecimal.del_head
  checking cst:Corelib.Init.Hexadecimal.del_head_int
  checking cst:Corelib.Init.Hexadecimal.del_tail
  checking cst:Corelib.Init.Hexadecimal.del_tail_int
  checking module: Corelib.Init.Hexadecimal.Little
  checking cst:Corelib.Init.Hexadecimal.Little.succ
  checking cst:Corelib.Init.Hexadecimal.Little.double
  checking cst:Corelib.Init.Hexadecimal.Little.succ_double
Checking library: Corelib.Init.Number
  checking module: Corelib.Init.Number
  checking cst:Corelib.Init.Number.uint_beq
  checking cst:Corelib.Init.Number.internal_uint_dec_bl1
  checking cst:Corelib.Init.Number.internal_uint_dec_lb1
  checking cst:Corelib.Init.Number.uint_eq_dec
  checking cst:Corelib.Init.Number.signed_int_beq
  checking cst:Corelib.Init.Number.internal_signed_int_dec_bl1
  checking cst:Corelib.Init.Number.internal_signed_int_dec_lb1
  checking cst:Corelib.Init.Number.signed_int_eq_dec
  checking cst:Corelib.Init.Number.number_beq
  checking cst:Corelib.Init.Number.internal_number_dec_bl
  checking cst:Corelib.Init.Number.internal_number_dec_lb
  checking cst:Corelib.Init.Number.number_eq_dec
  checking cst:Corelib.Init.Number.uint_of_uint
  checking cst:Corelib.Init.Number.int_of_int
Checking library: Corelib.Init.Nat
  checking module: Corelib.Init.Nat
  checking cst:Corelib.Init.Nat.t
  checking cst:Corelib.Init.Nat.zero
  checking cst:Corelib.Init.Nat.one
  checking cst:Corelib.Init.Nat.two
  checking cst:Corelib.Init.Nat.succ
  checking cst:Corelib.Init.Nat.pred
  checking cst:Corelib.Init.Nat.add
  checking cst:Corelib.Init.Nat.double
  checking cst:Corelib.Init.Nat.mul
  checking cst:Corelib.Init.Nat.sub
  checking cst:Corelib.Init.Nat.eqb
  checking cst:Corelib.Init.Nat.leb
  checking cst:Corelib.Init.Nat.ltb
  checking cst:Corelib.Init.Nat.compare
  checking cst:Corelib.Init.Nat.max
  checking cst:Corelib.Init.Nat.min
  checking cst:Corelib.Init.Nat.even
  checking cst:Corelib.Init.Nat.odd
  checking cst:Corelib.Init.Nat.pow
  checking cst:Corelib.Init.Nat.tail_add
  checking cst:Corelib.Init.Nat.tail_addmul
  checking cst:Corelib.Init.Nat.tail_mul
  checking cst:Corelib.Init.Nat.of_uint_acc
  checking cst:Corelib.Init.Nat.of_uint
  checking cst:Corelib.Init.Nat.of_hex_uint_acc
  checking cst:Corelib.Init.Nat.of_hex_uint
  checking cst:Corelib.Init.Nat.of_num_uint
  checking cst:Corelib.Init.Nat.to_little_uint
  checking cst:Corelib.Init.Nat.to_uint
  checking cst:Corelib.Init.Nat.to_little_hex_uint
  checking cst:Corelib.Init.Nat.to_hex_uint
  checking cst:Corelib.Init.Nat.to_num_uint
  checking cst:Corelib.Init.Nat.to_num_hex_uint
  checking cst:Corelib.Init.Nat.of_int
  checking cst:Corelib.Init.Nat.of_hex_int
  checking cst:Corelib.Init.Nat.of_num_int
  checking cst:Corelib.Init.Nat.to_int
  checking cst:Corelib.Init.Nat.to_hex_int
  checking cst:Corelib.Init.Nat.to_num_int
  checking cst:Corelib.Init.Nat.divmod
  checking cst:Corelib.Init.Nat.div
  checking cst:Corelib.Init.Nat.modulo
  checking cst:Corelib.Init.Nat.gcd
  checking cst:Corelib.Init.Nat.square
  checking cst:Corelib.Init.Nat.sqrt_iter
  checking cst:Corelib.Init.Nat.sqrt
  checking cst:Corelib.Init.Nat.log2_iter
  checking cst:Corelib.Init.Nat.log2
  checking cst:Corelib.Init.Nat.iter
  checking cst:Corelib.Init.Nat.div2
  checking cst:Corelib.Init.Nat.testbit
  checking cst:Corelib.Init.Nat.shiftl
  checking cst:Corelib.Init.Nat.shiftr
  checking cst:Corelib.Init.Nat.bitwise
  checking cst:Corelib.Init.Nat.land
  checking cst:Corelib.Init.Nat.lor
  checking cst:Corelib.Init.Nat.ldiff
  checking cst:Corelib.Init.Nat.lxor
Checking library: Corelib.Init.Peano
  checking module: Corelib.Init.Peano
  checking cst:Corelib.Init.Peano.eq_S
  checking cst:Corelib.Init.Peano.f_equal_nat
  checking cst:Corelib.Init.Peano.f_equal_pred
  checking cst:Corelib.Init.Peano.pred_Sn
  checking cst:Corelib.Init.Peano.eq_add_S
  checking cst:Corelib.Init.Peano.not_eq_S
  checking cst:Corelib.Init.Peano.IsSucc
  checking cst:Corelib.Init.Peano.O_S
  checking cst:Corelib.Init.Peano.n_Sn
  checking cst:Corelib.Init.Peano.f_equal2_plus
  checking cst:Corelib.Init.Peano.f_equal2_nat
  checking cst:Corelib.Init.Peano.plus_n_O
  checking cst:Corelib.Init.Peano.plus_O_n
  checking cst:Corelib.Init.Peano.plus_n_Sm
  checking cst:Corelib.Init.Peano.plus_Sn_m
  checking cst:Corelib.Init.Peano.f_equal2_mult
  checking cst:Corelib.Init.Peano.mult_n_O
  checking cst:Corelib.Init.Peano.mult_n_Sm
  checking cst:Corelib.Init.Peano.le_ind
  checking cst:Corelib.Init.Peano.le_sind
  checking cst:Corelib.Init.Peano.lt
  checking cst:Corelib.Init.Peano.ge
  checking cst:Corelib.Init.Peano.gt
  checking cst:Corelib.Init.Peano.le_pred
  checking cst:Corelib.Init.Peano.le_S_n
  checking cst:Corelib.Init.Peano.le_0_n
  checking cst:Corelib.Init.Peano.le_n_S
  checking cst:Corelib.Init.Peano.nat_case
  checking cst:Corelib.Init.Peano.nat_double_ind
  checking cst:Corelib.Init.Peano.max_l
  checking cst:Corelib.Init.Peano.max_r
  checking cst:Corelib.Init.Peano.min_l
  checking cst:Corelib.Init.Peano.min_r
  checking cst:Corelib.Init.Peano.nat_rect_succ_r
  checking cst:Corelib.Init.Peano.nat_rect_plus
Checking library: Corelib.Init.Byte
  checking module: Corelib.Init.Byte
  checking cst:Corelib.Init.Byte.byte_rect
  checking cst:Corelib.Init.Byte.byte_ind
  checking cst:Corelib.Init.Byte.byte_rec
  checking cst:Corelib.Init.Byte.byte_sind
  checking cst:Corelib.Init.Byte.of_bits
  checking cst:Corelib.Init.Byte.to_bits
  checking cst:Corelib.Init.Byte.of_bits_to_bits
  checking cst:Corelib.Init.Byte.to_bits_of_bits
  checking cst:Corelib.Init.Byte.byte_of_byte
  checking module: Corelib.Init.Byte.ByteSyntaxNotations
Checking library: Corelib.Init.Prelude
  checking module: Corelib.Init.Prelude
  checking cst:Corelib.Init.Prelude.ReverseCoercionSource
  checking cst:Corelib.Init.Prelude.ReverseCoercionTarget
  checking cst:Corelib.Init.Prelude.reverse_coercion
Checking library: Cortex.Phase4RoutingRefinement
  checking module: Cortex.Phase4RoutingRefinement
  checking cst:Cortex.Phase4RoutingRefinement.CapabilityId
  checking cst:Cortex.Phase4RoutingRefinement.SandboxProfileId
  checking cst:Cortex.Phase4RoutingRefinement.StateDomainKey
  checking cst:Cortex.Phase4RoutingRefinement.LifecycleStage_rect
  checking cst:Cortex.Phase4RoutingRefinement.LifecycleStage_ind
  checking cst:Cortex.Phase4RoutingRefinement.LifecycleStage_rec
  checking cst:Cortex.Phase4RoutingRefinement.LifecycleStage_sind
  checking cst:Cortex.Phase4RoutingRefinement.w_id
  checking cst:Cortex.Phase4RoutingRefinement.w_gen
  checking cst:Cortex.Phase4RoutingRefinement.w_hash
  checking cst:Cortex.Phase4RoutingRefinement.w_profile
  checking cst:Cortex.Phase4RoutingRefinement.w_sandbox_hash
  checking cst:Cortex.Phase4RoutingRefinement.w_cap_hash
  checking cst:Cortex.Phase4RoutingRefinement.w_state
  checking cst:Cortex.Phase4RoutingRefinement.w_inflight
  checking cst:Cortex.Phase4RoutingRefinement.w_limit
  checking cst:Cortex.Phase4RoutingRefinement.w_n_caps
  checking cst:Cortex.Phase4RoutingRefinement.i_id
  checking cst:Cortex.Phase4RoutingRefinement.i_target_gen
  checking cst:Cortex.Phase4RoutingRefinement.i_target_hash
  checking cst:Cortex.Phase4RoutingRefinement.i_profile
  checking cst:Cortex.Phase4RoutingRefinement.i_sandbox_hash
  checking cst:Cortex.Phase4RoutingRefinement.i_cap_hash
  checking cst:Cortex.Phase4RoutingRefinement.i_domain_key
  checking cst:Cortex.Phase4RoutingRefinement.i_n_req_caps
  checking cst:Cortex.Phase4RoutingRefinement.andb_true_elim
  checking cst:Cortex.Phase4RoutingRefinement.nat_eqb_eq
  checking cst:Cortex.Phase4RoutingRefinement.nat_eqb_neq
  checking cst:Cortex.Phase4RoutingRefinement.nat_ltb_ge
  checking cst:Cortex.Phase4RoutingRefinement.caps_contained
  checking cst:Cortex.Phase4RoutingRefinement.lifecycle_ready
  checking cst:Cortex.Phase4RoutingRefinement.HardConstraints
  checking cst:Cortex.Phase4RoutingRefinement.domain_locked
  checking cst:Cortex.Phase4RoutingRefinement.g_queue_depth
  checking cst:Cortex.Phase4RoutingRefinement.g_max_queue_depth
  checking cst:Cortex.Phase4RoutingRefinement.g_active_domains
  checking cst:Cortex.Phase4RoutingRefinement.GrantLeaseCondition
  checking cst:Cortex.Phase4RoutingRefinement.rd_f1_eligibility_safety
  checking cst:Cortex.Phase4RoutingRefinement.rd_f2_capability_containment
  checking cst:Cortex.Phase4RoutingRefinement.rd_f3_config_fencing
  checking cst:Cortex.Phase4RoutingRefinement.rd_f4_lease_fencing_preservation
  checking cst:Cortex.Phase4RoutingRefinement.pp_worker_id
  checking cst:Cortex.Phase4RoutingRefinement.pp_inv_id
  checking cst:Cortex.Phase4RoutingRefinement.HasActiveLease_ind
  checking cst:Cortex.Phase4RoutingRefinement.HasActiveLease_sind
  checking cst:Cortex.Phase4RoutingRefinement.rd_f5_router_non_authority
  checking cst:Cortex.Phase4RoutingRefinement.InvocationStage_rect
  checking cst:Cortex.Phase4RoutingRefinement.InvocationStage_ind
  checking cst:Cortex.Phase4RoutingRefinement.InvocationStage_rec
  checking cst:Cortex.Phase4RoutingRefinement.InvocationStage_sind
  checking cst:Cortex.Phase4RoutingRefinement.stage_authorized
  checking cst:Cortex.Phase4RoutingRefinement.stage_actuated
  checking cst:Cortex.Phase4RoutingRefinement.rd_f6_unadmitted_safety
  checking cst:Cortex.Phase4RoutingRefinement.CommitStatus_rect
  checking cst:Cortex.Phase4RoutingRefinement.CommitStatus_ind
  checking cst:Cortex.Phase4RoutingRefinement.CommitStatus_rec
  checking cst:Cortex.Phase4RoutingRefinement.CommitStatus_sind
  checking cst:Cortex.Phase4RoutingRefinement.can_commit
  checking cst:Cortex.Phase4RoutingRefinement.do_commit
  checking cst:Cortex.Phase4RoutingRefinement.rd_f7_single_commitment
  checking cst:Cortex.Phase4RoutingRefinement.rd_f7_commit_idempotent
  checking cst:Cortex.Phase4RoutingRefinement.can_enqueue
  checking cst:Cortex.Phase4RoutingRefinement.rd_f8_bounded_admission
  checking cst:Cortex.Phase4RoutingRefinement.rd_f9_state_domain_safety
  checking cst:Cortex.Phase4RoutingRefinement.rd_f10_toctou_offline
  checking cst:Cortex.Phase4RoutingRefinement.rd_f10_toctou_draining
  checking cst:Cortex.Phase4RoutingRefinement.rd_f10_toctou_generation_drift
  checking cst:Cortex.Phase4RoutingRefinement.RecoveryBucket_rect
  checking cst:Cortex.Phase4RoutingRefinement.RecoveryBucket_ind
  checking cst:Cortex.Phase4RoutingRefinement.RecoveryBucket_rec
  checking cst:Cortex.Phase4RoutingRefinement.RecoveryBucket_sind
  checking cst:Cortex.Phase4RoutingRefinement.recovery_safe_to_retry
  checking cst:Cortex.Phase4RoutingRefinement.rd_f11_actuation_unknown_no_auto_retry
  checking cst:Cortex.Phase4RoutingRefinement.rd_f12_committed_no_retry
  checking cst:Cortex.Phase4RoutingRefinement.rd_f13_unadmitted_safe_retry
  checking cst:Cortex.Phase4RoutingRefinement.rd_f14_admitted_unactuated_safe_retry
  checking cst:Cortex.Phase4RoutingRefinement.w_has_auth_entry
  checking cst:Cortex.Phase4RoutingRefinement.w_has_actuation_entry
  checking cst:Cortex.Phase4RoutingRefinement.w_journal_intact
  checking cst:Cortex.Phase4RoutingRefinement.unadmitted_durable_proven
  checking cst:Cortex.Phase4RoutingRefinement.rd_f6_unadmitted_durable_safety
  checking cst:Cortex.Phase4RoutingRefinement.irs_authorized
  checking cst:Cortex.Phase4RoutingRefinement.irs_actuation_started
  checking cst:Cortex.Phase4RoutingRefinement.irs_retry_safe
  checking cst:Cortex.Phase4RoutingRefinement.recovery_state_of_bucket
  checking cst:Cortex.Phase4RoutingRefinement.rd_f14_admitted_unactuated_explicit_no_actuation
  checking cst:Cortex.Phase4RoutingRefinement.invocations_conflict
  checking cst:Cortex.Phase4RoutingRefinement.rd_f15_concurrent_conflict_exclusion
  checking cst:Cortex.Phase4RoutingRefinement.CanCrossActuationBoundary
  checking cst:Cortex.Phase4RoutingRefinement.rd_f15_state_domain_actuation_fence
  checking cst:Cortex.Phase4RoutingRefinement.rd_f15_assigned_conflict_actuation_blocked
  checking cst:Cortex.Phase4RoutingRefinement.rd_f16_sandbox_hash_fencing
  checking cst:Cortex.Phase4RoutingRefinement.rd_f17_cap_hash_fencing
Modules were successfully checked
